---
source: crates/aiken-project/src/blueprint/validator.rs
description: "Code:\n\npub type OuterMap =\n    List<Pair<Int, InnerMap>>\n\npub type InnerMap =\n    List<Pair<Int, Bool>>\n\nvalidator placeholder {\n  spend(_datum: Option<Void>, _redeemer: OuterMap, _utxo: Data, _self: Data,) {\n    True\n  }\n}\n"
---
{
  "title": "test_module.placeholder.spend",
  "datum": {
    "title": "_datum",
    "schema": {
      "$ref": "#/definitions/Void"
    }
  },
  "redeemer": {
    "title": "_redeemer",
    "schema": {
      "$ref": "#/definitions/test_module~1OuterMap"
    }
  },
  "compiledCode": "<redacted>",
  "hash": "<redacted>",
  "definitions": {
    "Bool": {
      "title": "Bool",
      "anyOf": [
        {
          "title": "False",
          "dataType": "constructor",
          "index": 0,
          "fields": []
        },
        {
          "title": "True",
          "dataType": "constructor",
          "index": 1,
          "fields": []
        }
      ]
    },
    "Int": {
      "dataType": "integer"
    },
    "Void": {
      "title": "Unit",
      "anyOf": [
        {
          "dataType": "constructor",
          "index": 0,
          "fields": []
        }
      ]
    },
    "test_module/InnerMap": {
      "title": "InnerMap",
      "dataType": "map",
      "keys": {
        "$ref": "#/definitions/Int"
      },
      "values": {
        "$ref": "#/definitions/Bool"
      }
    },
    "test_module/OuterMap": {
      "title": "OuterMap",
      "dataType": "map",
      "keys": {
        "$ref": "#/definitions/Int"
      },
      "values": {
        "$ref": "#/definitions/test_module~1InnerMap"
      }
    }
  }
}
